[2m03:56:44[22m [33m[1m[vite][22m[39m [33mwarning: `esbuild` option was specified by "vite:react-swc" plugin. This option is deprecated, please use `oxc` instead.[39m
[36mvite v8.0.8 [32mbuilding client environment for production...[36m[39m
[2Ktransforming...memory allocation of 24576 bytes failed
note: run with `RUST_BACKTRACE=1` environment variable to display a backtrace
BUILD_FAILED 
